
> frontend@0.1.0 build
> vite build

[36mvite v7.3.1 [32mbuilding client environment for production...[36m[39m
transforming...
[32mΓ£ô[39m 1819 modules transformed.
node.exe : [33m[plugin vite:reporter] 
At line:1 char:1
+ & "C:\Program Files\nodejs/node.exe" 
"C:\Users\ADMIN\AppData\Roaming\ ...
+ ~~~~~~~~~~~~~~~~~~~~~~~~~~~~~~~~~~~~~
~~~~~~~~~~~~~~~~~~~~~~~~~~~~~~~~
    + CategoryInfo          : NotSpeci 
   fied: ([33m[plugin vite:reporter]  
   :String) [], RemoteException
    + FullyQualifiedErrorId : NativeCo 
   mmandError
 
(!) D:/Movies/OS/StudyOS/frontend/src/l
ib/supabase.ts is dynamically imported 
by D:/Movies/OS/StudyOS/frontend/src/li
b/api.js but also statically imported 
by D:/Movies/OS/StudyOS/frontend/src/co
ntext/AuthContext.tsx, D:/Movies/OS/Stu
dyOS/frontend/src/hooks/useProfile.js, 
D:/Movies/OS/StudyOS/frontend/src/pages
/AuthPage.tsx, dynamic import will not 
move module into another chunk.
[39m
rendering chunks...
computing gzip size...
[2mdist/[22m[32mindex.html                 [39m[1m[2m  0.64 kB[22m[1m[22m[2m Γöé gzip:   0.37 kB[22m
[2mdist/[22m[35massets/index-CWus62Bx.css  [39m[1m[2m 71.67 kB[22m[1m[22m[2m Γöé gzip:  12.76 kB[22m
[2mdist/[22m[36massets/index-BO7CcaCc.js   [39m[1m[33m840.18 kB[39m[22m[2m Γöé gzip: 252.57 kB[22m
[33m
(!) Some chunks are larger than 500 kB 
after minification. Consider:
- Using dynamic import() to code-split 
the application
- Use build.rollupOptions.output.manual
Chunks to improve chunking: https://rol
lupjs.org/configuration-options/#output
-manualchunks
- Adjust chunk size limit for this 
warning via 
build.chunkSizeWarningLimit.[39m
[32mΓ£ô built in 16.41s[39m
